batch: 144 episodes, arms=['C', 'A'], reps=[1, 2, 3]
[1/144] --condition C --instances pydata__xarray-4629 --rep 1 --run-dir /Users/pavel/dev/getmetatron/rcl-experiment/runs/C2/pair_4629_4687/rep1 -> rc=0  (0m elapsed, ETA 39m)
[2/144] --condition C --instances pydata__xarray-4687 --rep 1 --no-learning --run-dir /Users/pavel/dev/getmetatron/rcl-experiment/runs/C2/pair_4629_4687/rep1 -> rc=0  (1m elapsed, ETA 81m)
[3/144] --condition A --instances pydata__xarray-4687 --rep 1 --run-dir /Users/pavel/dev/getmetatron/rcl-experiment/runs/A2/rep1 -> rc=1  (4m elapsed, ETA 169m)
[4/144] --condition C --instances pydata__xarray-6461 --rep 1 --run-dir /Users/pavel/dev/getmetatron/rcl-experiment/runs/C2/pair_6461_7229/rep1 -> rc=0  (4m elapsed, ETA 142m)
[5/144] --condition C --instances pydata__xarray-7229 --rep 1 --no-learning --run-dir /Users/pavel/dev/getmetatron/rcl-experiment/runs/C2/pair_6461_7229/rep1 -> rc=0  (5m elapsed, ETA 126m)
[6/144] --condition A --instances pydata__xarray-7229 --rep 1 --run-dir /Users/pavel/dev/getmetatron/rcl-experiment/runs/A2/rep1 -> rc=0  (6m elapsed, ETA 128m)
[7/144] --condition C --instances django__django-13786 --rep 1 --run-dir /Users/pavel/dev/getmetatron/rcl-experiment/runs/C2/pair_13786_15268/rep1 -> rc=0  (6m elapsed, ETA 120m)
[8/144] --condition C --instances django__django-15268 --rep 1 --no-learning --run-dir /Users/pavel/dev/getmetatron/rcl-experiment/runs/C2/pair_13786_15268/rep1 -> rc=0  (7m elapsed, ETA 122m)
[9/144] --condition A --instances django__django-15268 --rep 1 --run-dir /Users/pavel/dev/getmetatron/rcl-experiment/runs/A2/rep1 -> rc=0  (8m elapsed, ETA 125m)
[10/144] --condition C --instances django__django-16595 --rep 1 --run-dir /Users/pavel/dev/getmetatron/rcl-experiment/runs/C2/pair_16595_16819/rep1 -> rc=0  (9m elapsed, ETA 115m)
[11/144] --condition C --instances django__django-16819 --rep 1 --no-learning --run-dir /Users/pavel/dev/getmetatron/rcl-experiment/runs/C2/pair_16595_16819/rep1 -> rc=0  (9m elapsed, ETA 114m)
[12/144] --condition A --instances django__django-16819 --rep 1 --run-dir /Users/pavel/dev/getmetatron/rcl-experiment/runs/A2/rep1 -> rc=0  (10m elapsed, ETA 109m)
[13/144] --condition C --instances django__django-12125 --rep 1 --run-dir /Users/pavel/dev/getmetatron/rcl-experiment/runs/C2/pair_12125_13343/rep1 -> rc=0  (12m elapsed, ETA 120m)
[14/144] --condition C --instances django__django-13343 --rep 1 --no-learning --run-dir /Users/pavel/dev/getmetatron/rcl-experiment/runs/C2/pair_12125_13343/rep1 -> rc=0  (12m elapsed, ETA 114m)
[15/144] --condition A --instances django__django-13343 --rep 1 --run-dir /Users/pavel/dev/getmetatron/rcl-experiment/runs/A2/rep1 -> rc=0  (13m elapsed, ETA 108m)
[16/144] --condition C --instances django__django-14580 --rep 1 --run-dir /Users/pavel/dev/getmetatron/rcl-experiment/runs/C2/pair_14580_15161/rep1 -> rc=0  (13m elapsed, ETA 103m)
[17/144] --condition C --instances django__django-15161 --rep 1 --no-learning --run-dir /Users/pavel/dev/getmetatron/rcl-experiment/runs/C2/pair_14580_15161/rep1 -> rc=0  (13m elapsed, ETA 100m)
[18/144] --condition A --instances django__django-15161 --rep 1 --run-dir /Users/pavel/dev/getmetatron/rcl-experiment/runs/A2/rep1 -> rc=0  (14m elapsed, ETA 99m)
[19/144] --condition C --instances django__django-15161 --rep 1 --run-dir /Users/pavel/dev/getmetatron/rcl-experiment/runs/C2/pair_15161_16493/rep1 -> rc=0  (15m elapsed, ETA 100m)
[20/144] --condition C --instances django__django-16493 --rep 1 --no-learning --run-dir /Users/pavel/dev/getmetatron/rcl-experiment/runs/C2/pair_15161_16493/rep1 -> rc=0  (15m elapsed, ETA 96m)
[21/144] --condition A --instances django__django-16493 --rep 1 --run-dir /Users/pavel/dev/getmetatron/rcl-experiment/runs/A2/rep1 -> rc=0  (16m elapsed, ETA 96m)
[22/144] --condition C --instances sphinx-doc__sphinx-8459 --rep 1 --run-dir /Users/pavel/dev/getmetatron/rcl-experiment/runs/C2/pair_8459_9673/rep1 -> rc=0  (17m elapsed, ETA 93m)
[23/144] --condition C --instances sphinx-doc__sphinx-9673 --rep 1 --no-learning --run-dir /Users/pavel/dev/getmetatron/rcl-experiment/runs/C2/pair_8459_9673/rep1 -> rc=0  (17m elapsed, ETA 90m)
[24/144] --condition A --instances sphinx-doc__sphinx-9673 --rep 1 --run-dir /Users/pavel/dev/getmetatron/rcl-experiment/runs/A2/rep1 -> rc=0  (18m elapsed, ETA 90m)
[25/144] --condition C --instances sphinx-doc__sphinx-9591 --rep 1 --run-dir /Users/pavel/dev/getmetatron/rcl-experiment/runs/C2/pair_9591_9602/rep1 -> rc=0  (18m elapsed, ETA 88m)
[26/144] --condition C --instances sphinx-doc__sphinx-9602 --rep 1 --no-learning --run-dir /Users/pavel/dev/getmetatron/rcl-experiment/runs/C2/pair_9591_9602/rep1 -> rc=0  (20m elapsed, ETA 90m)
[27/144] --condition A --instances sphinx-doc__sphinx-9602 --rep 1 --run-dir /Users/pavel/dev/getmetatron/rcl-experiment/runs/A2/rep1 -> rc=0  (21m elapsed, ETA 91m)
[28/144] --condition C --instances sphinx-doc__sphinx-7889 --rep 1 --run-dir /Users/pavel/dev/getmetatron/rcl-experiment/runs/C2/pair_7889_9658/rep1 -> rc=0  (21m elapsed, ETA 89m)
[29/144] --condition C --instances sphinx-doc__sphinx-9658 --rep 1 --no-learning --run-dir /Users/pavel/dev/getmetatron/rcl-experiment/runs/C2/pair_7889_9658/rep1 -> rc=0  (22m elapsed, ETA 89m)
[30/144] --condition A --instances sphinx-doc__sphinx-9658 --rep 1 --run-dir /Users/pavel/dev/getmetatron/rcl-experiment/runs/A2/rep1 -> rc=0  (25m elapsed, ETA 94m)
[31/144] --condition C --instances sphinx-doc__sphinx-8035 --rep 1 --run-dir /Users/pavel/dev/getmetatron/rcl-experiment/runs/C2/pair_8035_8593/rep1 -> rc=0  (25m elapsed, ETA 91m)
[32/144] --condition C --instances sphinx-doc__sphinx-8593 --rep 1 --no-learning --run-dir /Users/pavel/dev/getmetatron/rcl-experiment/runs/C2/pair_8035_8593/rep1 -> rc=0  (26m elapsed, ETA 90m)
[33/144] --condition A --instances sphinx-doc__sphinx-8593 --rep 1 --run-dir /Users/pavel/dev/getmetatron/rcl-experiment/runs/A2/rep1 -> rc=0  (27m elapsed, ETA 89m)
[34/144] --condition C --instances django__django-11066 --rep 1 --run-dir /Users/pavel/dev/getmetatron/rcl-experiment/runs/C2/pair_11066_15252/rep1 -> rc=0  (27m elapsed, ETA 87m)
[35/144] --condition C --instances django__django-15252 --rep 1 --no-learning --run-dir /Users/pavel/dev/getmetatron/rcl-experiment/runs/C2/pair_11066_15252/rep1 -> rc=0  (27m elapsed, ETA 85m)
[36/144] --condition A --instances django__django-15252 --rep 1 --run-dir /Users/pavel/dev/getmetatron/rcl-experiment/runs/A2/rep1 -> rc=0  (28m elapsed, ETA 84m)
[37/144] --condition C --instances django__django-11141 --rep 1 --run-dir /Users/pavel/dev/getmetatron/rcl-experiment/runs/C2/pair_11141_13820/rep1 -> rc=0  (28m elapsed, ETA 82m)
[38/144] --condition C --instances django__django-13820 --rep 1 --no-learning --run-dir /Users/pavel/dev/getmetatron/rcl-experiment/runs/C2/pair_11141_13820/rep1 -> rc=0  (29m elapsed, ETA 80m)
[39/144] --condition A --instances django__django-13820 --rep 1 --run-dir /Users/pavel/dev/getmetatron/rcl-experiment/runs/A2/rep1 -> rc=0  (29m elapsed, ETA 78m)
[40/144] --condition C --instances django__django-11299 --rep 1 --run-dir /Users/pavel/dev/getmetatron/rcl-experiment/runs/C2/pair_11299_15278/rep1 -> rc=0  (29m elapsed, ETA 77m)
[41/144] --condition C --instances django__django-15278 --rep 1 --no-learning --run-dir /Users/pavel/dev/getmetatron/rcl-experiment/runs/C2/pair_11299_15278/rep1 -> rc=0  (30m elapsed, ETA 75m)
[42/144] --condition A --instances django__django-15278 --rep 1 --run-dir /Users/pavel/dev/getmetatron/rcl-experiment/runs/A2/rep1 -> rc=0  (31m elapsed, ETA 74m)
[43/144] --condition C --instances django__django-15278 --rep 1 --run-dir /Users/pavel/dev/getmetatron/rcl-experiment/runs/C2/pair_15278_15561/rep1 -> rc=0  (31m elapsed, ETA 73m)
[44/144] --condition C --instances django__django-15561 --rep 1 --no-learning --run-dir /Users/pavel/dev/getmetatron/rcl-experiment/runs/C2/pair_15278_15561/rep1 -> rc=0  (32m elapsed, ETA 72m)
[45/144] --condition A --instances django__django-15561 --rep 1 --run-dir /Users/pavel/dev/getmetatron/rcl-experiment/runs/A2/rep1 -> rc=0  (33m elapsed, ETA 73m)
[46/144] --condition C --instances pydata__xarray-3095 --rep 1 --run-dir /Users/pavel/dev/getmetatron/rcl-experiment/runs/C2/pair_3095_7393/rep1 -> rc=0  (34m elapsed, ETA 72m)
[47/144] --condition C --instances pydata__xarray-7393 --rep 1 --no-learning --run-dir /Users/pavel/dev/getmetatron/rcl-experiment/runs/C2/pair_3095_7393/rep1 -> rc=0  (35m elapsed, ETA 72m)
[48/144] --condition A --instances pydata__xarray-7393 --rep 1 --run-dir /Users/pavel/dev/getmetatron/rcl-experiment/runs/A2/rep1 -> rc=0  (36m elapsed, ETA 72m)
[49/144] --condition C --instances pydata__xarray-4629 --rep 2 --run-dir /Users/pavel/dev/getmetatron/rcl-experiment/runs/C2/pair_4629_4687/rep2 -> rc=0  (36m elapsed, ETA 71m)
[50/144] --condition C --instances pydata__xarray-4687 --rep 2 --no-learning --run-dir /Users/pavel/dev/getmetatron/rcl-experiment/runs/C2/pair_4629_4687/rep2 -> rc=0  (37m elapsed, ETA 70m)
[51/144] --condition A --instances pydata__xarray-4687 --rep 2 --run-dir /Users/pavel/dev/getmetatron/rcl-experiment/runs/A2/rep2 -> rc=0  (37m elapsed, ETA 68m)
[52/144] --condition C --instances pydata__xarray-6461 --rep 2 --run-dir /Users/pavel/dev/getmetatron/rcl-experiment/runs/C2/pair_6461_7229/rep2 -> rc=0  (38m elapsed, ETA 67m)
[53/144] --condition C --instances pydata__xarray-7229 --rep 2 --no-learning --run-dir /Users/pavel/dev/getmetatron/rcl-experiment/runs/C2/pair_6461_7229/rep2 -> rc=0  (41m elapsed, ETA 71m)
[54/144] --condition A --instances pydata__xarray-7229 --rep 2 --run-dir /Users/pavel/dev/getmetatron/rcl-experiment/runs/A2/rep2 -> rc=0  (43m elapsed, ETA 71m)
[55/144] --condition C --instances django__django-13786 --rep 2 --run-dir /Users/pavel/dev/getmetatron/rcl-experiment/runs/C2/pair_13786_15268/rep2 -> rc=0  (43m elapsed, ETA 70m)
[56/144] --condition C --instances django__django-15268 --rep 2 --no-learning --run-dir /Users/pavel/dev/getmetatron/rcl-experiment/runs/C2/pair_13786_15268/rep2 -> rc=0  (44m elapsed, ETA 69m)
[57/144] --condition A --instances django__django-15268 --rep 2 --run-dir /Users/pavel/dev/getmetatron/rcl-experiment/runs/A2/rep2 -> rc=0  (45m elapsed, ETA 69m)
[58/144] --condition C --instances django__django-16595 --rep 2 --run-dir /Users/pavel/dev/getmetatron/rcl-experiment/runs/C2/pair_16595_16819/rep2 -> rc=0  (46m elapsed, ETA 69m)
[59/144] --condition C --instances django__django-16819 --rep 2 --no-learning --run-dir /Users/pavel/dev/getmetatron/rcl-experiment/runs/C2/pair_16595_16819/rep2 -> rc=0  (47m elapsed, ETA 67m)
[60/144] --condition A --instances django__django-16819 --rep 2 --run-dir /Users/pavel/dev/getmetatron/rcl-experiment/runs/A2/rep2 -> rc=0  (47m elapsed, ETA 66m)
[61/144] --condition C --instances django__django-12125 --rep 2 --run-dir /Users/pavel/dev/getmetatron/rcl-experiment/runs/C2/pair_12125_13343/rep2 -> rc=0  (49m elapsed, ETA 67m)
[62/144] --condition C --instances django__django-13343 --rep 2 --no-learning --run-dir /Users/pavel/dev/getmetatron/rcl-experiment/runs/C2/pair_12125_13343/rep2 -> rc=0  (50m elapsed, ETA 66m)
[63/144] --condition A --instances django__django-13343 --rep 2 --run-dir /Users/pavel/dev/getmetatron/rcl-experiment/runs/A2/rep2 -> rc=0  (50m elapsed, ETA 64m)
[64/144] --condition C --instances django__django-14580 --rep 2 --run-dir /Users/pavel/dev/getmetatron/rcl-experiment/runs/C2/pair_14580_15161/rep2 -> rc=0  (51m elapsed, ETA 63m)
[65/144] --condition C --instances django__django-15161 --rep 2 --no-learning --run-dir /Users/pavel/dev/getmetatron/rcl-experiment/runs/C2/pair_14580_15161/rep2 -> rc=0  (51m elapsed, ETA 62m)
[66/144] --condition A --instances django__django-15161 --rep 2 --run-dir /Users/pavel/dev/getmetatron/rcl-experiment/runs/A2/rep2 -> rc=0  (52m elapsed, ETA 62m)
[67/144] --condition C --instances django__django-15161 --rep 2 --run-dir /Users/pavel/dev/getmetatron/rcl-experiment/runs/C2/pair_15161_16493/rep2 -> rc=0  (54m elapsed, ETA 62m)
[68/144] --condition C --instances django__django-16493 --rep 2 --no-learning --run-dir /Users/pavel/dev/getmetatron/rcl-experiment/runs/C2/pair_15161_16493/rep2 -> rc=0  (54m elapsed, ETA 60m)
[69/144] --condition A --instances django__django-16493 --rep 2 --run-dir /Users/pavel/dev/getmetatron/rcl-experiment/runs/A2/rep2 -> rc=0  (54m elapsed, ETA 59m)
[70/144] --condition C --instances sphinx-doc__sphinx-8459 --rep 2 --run-dir /Users/pavel/dev/getmetatron/rcl-experiment/runs/C2/pair_8459_9673/rep2 -> rc=0  (55m elapsed, ETA 58m)
[71/144] --condition C --instances sphinx-doc__sphinx-9673 --rep 2 --no-learning --run-dir /Users/pavel/dev/getmetatron/rcl-experiment/runs/C2/pair_8459_9673/rep2 -> rc=0  (55m elapsed, ETA 56m)
[72/144] --condition A --instances sphinx-doc__sphinx-9673 --rep 2 --run-dir /Users/pavel/dev/getmetatron/rcl-experiment/runs/A2/rep2 -> rc=0  (56m elapsed, ETA 56m)
[73/144] --condition C --instances sphinx-doc__sphinx-9591 --rep 2 --run-dir /Users/pavel/dev/getmetatron/rcl-experiment/runs/C2/pair_9591_9602/rep2 -> rc=0  (56m elapsed, ETA 55m)
[74/144] --condition C --instances sphinx-doc__sphinx-9602 --rep 2 --no-learning --run-dir /Users/pavel/dev/getmetatron/rcl-experiment/runs/C2/pair_9591_9602/rep2 -> rc=0  (57m elapsed, ETA 54m)
[75/144] --condition A --instances sphinx-doc__sphinx-9602 --rep 2 --run-dir /Users/pavel/dev/getmetatron/rcl-experiment/runs/A2/rep2 -> rc=0  (58m elapsed, ETA 53m)
[76/144] --condition C --instances sphinx-doc__sphinx-7889 --rep 2 --run-dir /Users/pavel/dev/getmetatron/rcl-experiment/runs/C2/pair_7889_9658/rep2 -> rc=0  (58m elapsed, ETA 52m)
[77/144] --condition C --instances sphinx-doc__sphinx-9658 --rep 2 --no-learning --run-dir /Users/pavel/dev/getmetatron/rcl-experiment/runs/C2/pair_7889_9658/rep2 -> rc=0  (59m elapsed, ETA 51m)
[78/144] --condition A --instances sphinx-doc__sphinx-9658 --rep 2 --run-dir /Users/pavel/dev/getmetatron/rcl-experiment/runs/A2/rep2 -> rc=0  (61m elapsed, ETA 52m)
[79/144] --condition C --instances sphinx-doc__sphinx-8035 --rep 2 --run-dir /Users/pavel/dev/getmetatron/rcl-experiment/runs/C2/pair_8035_8593/rep2 -> rc=0  (62m elapsed, ETA 51m)
[80/144] --condition C --instances sphinx-doc__sphinx-8593 --rep 2 --no-learning --run-dir /Users/pavel/dev/getmetatron/rcl-experiment/runs/C2/pair_8035_8593/rep2 -> rc=0  (63m elapsed, ETA 50m)
[81/144] --condition A --instances sphinx-doc__sphinx-8593 --rep 2 --run-dir /Users/pavel/dev/getmetatron/rcl-experiment/runs/A2/rep2 -> rc=0  (64m elapsed, ETA 50m)
[82/144] --condition C --instances django__django-11066 --rep 2 --run-dir /Users/pavel/dev/getmetatron/rcl-experiment/runs/C2/pair_11066_15252/rep2 -> rc=0  (64m elapsed, ETA 48m)
[83/144] --condition C --instances django__django-15252 --rep 2 --no-learning --run-dir /Users/pavel/dev/getmetatron/rcl-experiment/runs/C2/pair_11066_15252/rep2 -> rc=0  (65m elapsed, ETA 48m)
[84/144] --condition A --instances django__django-15252 --rep 2 --run-dir /Users/pavel/dev/getmetatron/rcl-experiment/runs/A2/rep2 -> rc=0  (66m elapsed, ETA 47m)
[85/144] --condition C --instances django__django-11141 --rep 2 --run-dir /Users/pavel/dev/getmetatron/rcl-experiment/runs/C2/pair_11141_13820/rep2 -> rc=0  (66m elapsed, ETA 46m)
[86/144] --condition C --instances django__django-13820 --rep 2 --no-learning --run-dir /Users/pavel/dev/getmetatron/rcl-experiment/runs/C2/pair_11141_13820/rep2 -> rc=0  (66m elapsed, ETA 45m)
[87/144] --condition A --instances django__django-13820 --rep 2 --run-dir /Users/pavel/dev/getmetatron/rcl-experiment/runs/A2/rep2 -> rc=0  (66m elapsed, ETA 44m)
[88/144] --condition C --instances django__django-11299 --rep 2 --run-dir /Users/pavel/dev/getmetatron/rcl-experiment/runs/C2/pair_11299_15278/rep2 -> rc=0  (67m elapsed, ETA 42m)
[89/144] --condition C --instances django__django-15278 --rep 2 --no-learning --run-dir /Users/pavel/dev/getmetatron/rcl-experiment/runs/C2/pair_11299_15278/rep2 -> rc=0  (67m elapsed, ETA 41m)
[90/144] --condition A --instances django__django-15278 --rep 2 --run-dir /Users/pavel/dev/getmetatron/rcl-experiment/runs/A2/rep2 -> rc=0  (68m elapsed, ETA 41m)
[91/144] --condition C --instances django__django-15278 --rep 2 --run-dir /Users/pavel/dev/getmetatron/rcl-experiment/runs/C2/pair_15278_15561/rep2 -> rc=0  (68m elapsed, ETA 40m)
[92/144] --condition C --instances django__django-15561 --rep 2 --no-learning --run-dir /Users/pavel/dev/getmetatron/rcl-experiment/runs/C2/pair_15278_15561/rep2 -> rc=0  (70m elapsed, ETA 39m)
[93/144] --condition A --instances django__django-15561 --rep 2 --run-dir /Users/pavel/dev/getmetatron/rcl-experiment/runs/A2/rep2 -> rc=0  (70m elapsed, ETA 38m)
[94/144] --condition C --instances pydata__xarray-3095 --rep 2 --run-dir /Users/pavel/dev/getmetatron/rcl-experiment/runs/C2/pair_3095_7393/rep2 -> rc=1  (72m elapsed, ETA 39m)
[95/144] --condition C --instances pydata__xarray-7393 --rep 2 --no-learning --run-dir /Users/pavel/dev/getmetatron/rcl-experiment/runs/C2/pair_3095_7393/rep2 -> rc=0  (73m elapsed, ETA 38m)
[96/144] --condition A --instances pydata__xarray-7393 --rep 2 --run-dir /Users/pavel/dev/getmetatron/rcl-experiment/runs/A2/rep2 -> rc=1  (76m elapsed, ETA 38m)
[97/144] --condition C --instances pydata__xarray-4629 --rep 3 --run-dir /Users/pavel/dev/getmetatron/rcl-experiment/runs/C2/pair_4629_4687/rep3 -> rc=0  (76m elapsed, ETA 37m)
[98/144] --condition C --instances pydata__xarray-4687 --rep 3 --no-learning --run-dir /Users/pavel/dev/getmetatron/rcl-experiment/runs/C2/pair_4629_4687/rep3 -> rc=0  (78m elapsed, ETA 36m)
[99/144] --condition A --instances pydata__xarray-4687 --rep 3 --run-dir /Users/pavel/dev/getmetatron/rcl-experiment/runs/A2/rep3 -> rc=0  (79m elapsed, ETA 36m)
[100/144] --condition C --instances pydata__xarray-6461 --rep 3 --run-dir /Users/pavel/dev/getmetatron/rcl-experiment/runs/C2/pair_6461_7229/rep3 -> rc=0  (82m elapsed, ETA 36m)
[101/144] --condition C --instances pydata__xarray-7229 --rep 3 --no-learning --run-dir /Users/pavel/dev/getmetatron/rcl-experiment/runs/C2/pair_6461_7229/rep3 -> rc=0  (83m elapsed, ETA 35m)
[102/144] --condition A --instances pydata__xarray-7229 --rep 3 --run-dir /Users/pavel/dev/getmetatron/rcl-experiment/runs/A2/rep3 -> rc=0  (84m elapsed, ETA 34m)
[103/144] --condition C --instances django__django-13786 --rep 3 --run-dir /Users/pavel/dev/getmetatron/rcl-experiment/runs/C2/pair_13786_15268/rep3 -> rc=0  (84m elapsed, ETA 33m)
[104/144] --condition C --instances django__django-15268 --rep 3 --no-learning --run-dir /Users/pavel/dev/getmetatron/rcl-experiment/runs/C2/pair_13786_15268/rep3 -> rc=0  (86m elapsed, ETA 33m)
[105/144] --condition A --instances django__django-15268 --rep 3 --run-dir /Users/pavel/dev/getmetatron/rcl-experiment/runs/A2/rep3 -> rc=0  (86m elapsed, ETA 32m)
[106/144] --condition C --instances django__django-16595 --rep 3 --run-dir /Users/pavel/dev/getmetatron/rcl-experiment/runs/C2/pair_16595_16819/rep3 -> rc=0  (87m elapsed, ETA 31m)
[107/144] --condition C --instances django__django-16819 --rep 3 --no-learning --run-dir /Users/pavel/dev/getmetatron/rcl-experiment/runs/C2/pair_16595_16819/rep3 -> rc=0  (87m elapsed, ETA 30m)
[108/144] --condition A --instances django__django-16819 --rep 3 --run-dir /Users/pavel/dev/getmetatron/rcl-experiment/runs/A2/rep3 -> rc=0  (88m elapsed, ETA 29m)
[109/144] --condition C --instances django__django-12125 --rep 3 --run-dir /Users/pavel/dev/getmetatron/rcl-experiment/runs/C2/pair_12125_13343/rep3 -> rc=0  (89m elapsed, ETA 29m)
[110/144] --condition C --instances django__django-13343 --rep 3 --no-learning --run-dir /Users/pavel/dev/getmetatron/rcl-experiment/runs/C2/pair_12125_13343/rep3 -> rc=0  (89m elapsed, ETA 28m)
[111/144] --condition A --instances django__django-13343 --rep 3 --run-dir /Users/pavel/dev/getmetatron/rcl-experiment/runs/A2/rep3 -> rc=0  (89m elapsed, ETA 27m)
[112/144] --condition C --instances django__django-14580 --rep 3 --run-dir /Users/pavel/dev/getmetatron/rcl-experiment/runs/C2/pair_14580_15161/rep3 -> rc=0  (90m elapsed, ETA 26m)
[113/144] --condition C --instances django__django-15161 --rep 3 --no-learning --run-dir /Users/pavel/dev/getmetatron/rcl-experiment/runs/C2/pair_14580_15161/rep3 -> rc=0  (91m elapsed, ETA 25m)
[114/144] --condition A --instances django__django-15161 --rep 3 --run-dir /Users/pavel/dev/getmetatron/rcl-experiment/runs/A2/rep3 -> rc=0  (91m elapsed, ETA 24m)
[115/144] --condition C --instances django__django-15161 --rep 3 --run-dir /Users/pavel/dev/getmetatron/rcl-experiment/runs/C2/pair_15161_16493/rep3 -> rc=0  (92m elapsed, ETA 23m)
[116/144] --condition C --instances django__django-16493 --rep 3 --no-learning --run-dir /Users/pavel/dev/getmetatron/rcl-experiment/runs/C2/pair_15161_16493/rep3 -> rc=0  (92m elapsed, ETA 22m)
[117/144] --condition A --instances django__django-16493 --rep 3 --run-dir /Users/pavel/dev/getmetatron/rcl-experiment/runs/A2/rep3 -> rc=0  (93m elapsed, ETA 21m)
[118/144] --condition C --instances sphinx-doc__sphinx-8459 --rep 3 --run-dir /Users/pavel/dev/getmetatron/rcl-experiment/runs/C2/pair_8459_9673/rep3 -> rc=0  (93m elapsed, ETA 20m)
[119/144] --condition C --instances sphinx-doc__sphinx-9673 --rep 3 --no-learning --run-dir /Users/pavel/dev/getmetatron/rcl-experiment/runs/C2/pair_8459_9673/rep3 -> rc=0  (93m elapsed, ETA 20m)
[120/144] --condition A --instances sphinx-doc__sphinx-9673 --rep 3 --run-dir /Users/pavel/dev/getmetatron/rcl-experiment/runs/A2/rep3 -> rc=0  (94m elapsed, ETA 19m)
[121/144] --condition C --instances sphinx-doc__sphinx-9591 --rep 3 --run-dir /Users/pavel/dev/getmetatron/rcl-experiment/runs/C2/pair_9591_9602/rep3 -> rc=0  (95m elapsed, ETA 18m)
[122/144] --condition C --instances sphinx-doc__sphinx-9602 --rep 3 --no-learning --run-dir /Users/pavel/dev/getmetatron/rcl-experiment/runs/C2/pair_9591_9602/rep3 -> rc=0  (95m elapsed, ETA 17m)
[123/144] --condition A --instances sphinx-doc__sphinx-9602 --rep 3 --run-dir /Users/pavel/dev/getmetatron/rcl-experiment/runs/A2/rep3 -> rc=0  (96m elapsed, ETA 16m)
[124/144] --condition C --instances sphinx-doc__sphinx-7889 --rep 3 --run-dir /Users/pavel/dev/getmetatron/rcl-experiment/runs/C2/pair_7889_9658/rep3 -> rc=0  (96m elapsed, ETA 16m)
[125/144] --condition C --instances sphinx-doc__sphinx-9658 --rep 3 --no-learning --run-dir /Users/pavel/dev/getmetatron/rcl-experiment/runs/C2/pair_7889_9658/rep3 -> rc=0  (98m elapsed, ETA 15m)
[126/144] --condition A --instances sphinx-doc__sphinx-9658 --rep 3 --run-dir /Users/pavel/dev/getmetatron/rcl-experiment/runs/A2/rep3 -> rc=0  (99m elapsed, ETA 14m)
[127/144] --condition C --instances sphinx-doc__sphinx-8035 --rep 3 --run-dir /Users/pavel/dev/getmetatron/rcl-experiment/runs/C2/pair_8035_8593/rep3 -> rc=0  (99m elapsed, ETA 13m)
[128/144] --condition C --instances sphinx-doc__sphinx-8593 --rep 3 --no-learning --run-dir /Users/pavel/dev/getmetatron/rcl-experiment/runs/C2/pair_8035_8593/rep3 -> rc=0  (100m elapsed, ETA 12m)
[129/144] --condition A --instances sphinx-doc__sphinx-8593 --rep 3 --run-dir /Users/pavel/dev/getmetatron/rcl-experiment/runs/A2/rep3 -> rc=0  (101m elapsed, ETA 12m)
[130/144] --condition C --instances django__django-11066 --rep 3 --run-dir /Users/pavel/dev/getmetatron/rcl-experiment/runs/C2/pair_11066_15252/rep3 -> rc=0  (102m elapsed, ETA 11m)
[131/144] --condition C --instances django__django-15252 --rep 3 --no-learning --run-dir /Users/pavel/dev/getmetatron/rcl-experiment/runs/C2/pair_11066_15252/rep3 -> rc=0  (102m elapsed, ETA 10m)
[132/144] --condition A --instances django__django-15252 --rep 3 --run-dir /Users/pavel/dev/getmetatron/rcl-experiment/runs/A2/rep3 -> rc=0  (103m elapsed, ETA 9m)
[133/144] --condition C --instances django__django-11141 --rep 3 --run-dir /Users/pavel/dev/getmetatron/rcl-experiment/runs/C2/pair_11141_13820/rep3 -> rc=0  (103m elapsed, ETA 9m)
[134/144] --condition C --instances django__django-13820 --rep 3 --no-learning --run-dir /Users/pavel/dev/getmetatron/rcl-experiment/runs/C2/pair_11141_13820/rep3 -> rc=0  (104m elapsed, ETA 8m)
[135/144] --condition A --instances django__django-13820 --rep 3 --run-dir /Users/pavel/dev/getmetatron/rcl-experiment/runs/A2/rep3 -> rc=0  (105m elapsed, ETA 7m)
[136/144] --condition C --instances django__django-11299 --rep 3 --run-dir /Users/pavel/dev/getmetatron/rcl-experiment/runs/C2/pair_11299_15278/rep3 -> rc=0  (107m elapsed, ETA 6m)
[137/144] --condition C --instances django__django-15278 --rep 3 --no-learning --run-dir /Users/pavel/dev/getmetatron/rcl-experiment/runs/C2/pair_11299_15278/rep3 -> rc=0  (108m elapsed, ETA 6m)
[138/144] --condition A --instances django__django-15278 --rep 3 --run-dir /Users/pavel/dev/getmetatron/rcl-experiment/runs/A2/rep3 -> rc=0  (108m elapsed, ETA 5m)
[139/144] --condition C --instances django__django-15278 --rep 3 --run-dir /Users/pavel/dev/getmetatron/rcl-experiment/runs/C2/pair_15278_15561/rep3 -> rc=0  (109m elapsed, ETA 4m)
[140/144] --condition C --instances django__django-15561 --rep 3 --no-learning --run-dir /Users/pavel/dev/getmetatron/rcl-experiment/runs/C2/pair_15278_15561/rep3 -> rc=0  (109m elapsed, ETA 3m)
[141/144] --condition A --instances django__django-15561 --rep 3 --run-dir /Users/pavel/dev/getmetatron/rcl-experiment/runs/A2/rep3 -> rc=0  (110m elapsed, ETA 2m)
[142/144] --condition C --instances pydata__xarray-3095 --rep 3 --run-dir /Users/pavel/dev/getmetatron/rcl-experiment/runs/C2/pair_3095_7393/rep3 -> rc=0  (111m elapsed, ETA 2m)
[143/144] --condition C --instances pydata__xarray-7393 --rep 3 --no-learning --run-dir /Users/pavel/dev/getmetatron/rcl-experiment/runs/C2/pair_3095_7393/rep3 -> rc=0  (112m elapsed, ETA 1m)
[144/144] --condition A --instances pydata__xarray-7393 --rep 3 --run-dir /Users/pavel/dev/getmetatron/rcl-experiment/runs/A2/rep3 -> rc=1  (115m elapsed, ETA 0m)
BATCH DONE in 115m
